exports[`<LocationResults /> matches the snapshot 1`] = `
ShallowWrapper {
  "complexSelector": ComplexSelector {
    "buildPredicate": [Function],
    "childrenOfNode": [Function],
    "findWhereUnwrapped": [Function],
  },
  "length": 1,
  "node": <div>
    <h2>
        We found a few matches, is one of these what you are looking for?
    </h2>
    <div
        className="location-options">
        
    </div>
</div>,
  "nodes": Array [
    <div>
      <h2>
            We found a few matches, is one of these what you are looking for?
      </h2>
      <div
            className="location-options">
            
      </div>
</div>,
  ],
  "options": Object {},
  "renderer": ReactShallowRenderer {
    "_instance": ShallowComponentWrapper {
      "_calledComponentWillUnmount": false,
      "_compositeType": 1,
      "_context": Object {},
      "_currentElement": <LocationResults
        results={Array []} />,
      "_debugID": 1,
      "_hostContainerInfo": null,
      "_hostParent": null,
      "_instance": LocationResults {
        "_reactInternalInstance": [Circular],
        "context": Object {},
        "props": Object {
          "results": Array [],
        },
        "refs": Object {},
        "state": null,
        "updater": Object {
          "enqueueCallback": [Function],
          "enqueueCallbackInternal": [Function],
          "enqueueElementInternal": [Function],
          "enqueueForceUpdate": [Function],
          "enqueueReplaceState": [Function],
          "enqueueSetState": [Function],
          "isMounted": [Function],
          "validateCallback": [Function],
        },
      },
      "_mountOrder": 1,
      "_pendingCallbacks": null,
      "_pendingElement": null,
      "_pendingForceUpdate": false,
      "_pendingReplaceState": false,
      "_pendingStateQueue": null,
      "_renderedComponent": NoopInternalComponent {
        "_currentElement": <div>
          <h2>
                    We found a few matches, is one of these what you are looking for?
          </h2>
          <div
                    className="location-options">
                    
          </div>
</div>,
        "_debugID": 2,
        "_renderedOutput": <div>
          <h2>
                    We found a few matches, is one of these what you are looking for?
          </h2>
          <div
                    className="location-options">
                    
          </div>
</div>,
      },
      "_renderedNodeType": 0,
      "_rootNodeID": 0,
      "_topLevelWrapper": null,
      "_updateBatchNumber": null,
      "_warnedAboutRefsInRender": false,
    },
    "getRenderOutput": [Function],
    "render": [Function],
  },
  "root": [Circular],
  "unrendered": <LocationResults
    results={Array []} />,
}
`;
