exports[`<HomePage /> Expect it to match snapshot 1`] = `
ShallowWrapper {
  "complexSelector": ComplexSelector {
    "buildPredicate": [Function],
    "childrenOfNode": [Function],
    "findWhereUnwrapped": [Function],
  },
  "length": 1,
  "node": <styled.div>
    <HelmetWrapper
        meta={
            Array [
                Object {
                  "content": "Find out what the weather is like in your area",
                  "name": "description",
                },
              ]
        }
        title="Weatherly - Weather happens" />
    <withStyles(AppBar)
        position="static">
        <withStyles(Toolbar)>
            <withStyles(Typography)
                color="inherit"
                type="title">
                Weatherly
            </withStyles(Typography)>
        </withStyles(Toolbar)>
    </withStyles(AppBar)>
    <withStyles(Typography)
        component="h1"
        type="display3">
        <FormattedMessage
            defaultMessage="What\'s the weather like where you are?"
            id="app.containers.HomePage.header"
            tagName="span"
            values={Object {}} />
    </withStyles(Typography)>
    <form
        onSubmit={[Function]}>
        <TextField
            label="Good question, let\'s see"
            onChange={undefined}
            required={false} />
        <withStyles(Button)
            color="accent"
            raised={true}
            type="submit">
            Go
        </withStyles(Button)>
    </form>
</styled.div>,
  "nodes": Array [
    <styled.div>
      <HelmetWrapper
            meta={
                  Array [
                        Object {
                          "content": "Find out what the weather is like in your area",
                          "name": "description",
                        },
                      ]
            }
            title="Weatherly - Weather happens" />
      <withStyles(AppBar)
            position="static">
            <withStyles(Toolbar)>
                  <withStyles(Typography)
                        color="inherit"
                        type="title">
                        Weatherly
                  </withStyles(Typography)>
            </withStyles(Toolbar)>
      </withStyles(AppBar)>
      <withStyles(Typography)
            component="h1"
            type="display3">
            <FormattedMessage
                  defaultMessage="What\'s the weather like where you are?"
                  id="app.containers.HomePage.header"
                  tagName="span"
                  values={Object {}} />
      </withStyles(Typography)>
      <form
            onSubmit={[Function]}>
            <TextField
                  label="Good question, let\'s see"
                  onChange={undefined}
                  required={false} />
            <withStyles(Button)
                  color="accent"
                  raised={true}
                  type="submit">
                  Go
            </withStyles(Button)>
      </form>
</styled.div>,
  ],
  "options": Object {},
  "renderer": ReactShallowRenderer {
    "_instance": ShallowComponentWrapper {
      "_calledComponentWillUnmount": false,
      "_compositeType": 1,
      "_context": Object {},
      "_currentElement": <HomePage
        dispatch={[Function]} />,
      "_debugID": 1,
      "_hostContainerInfo": null,
      "_hostParent": null,
      "_instance": HomePage {
        "_reactInternalInstance": [Circular],
        "context": Object {},
        "getTempExtremesString": [Function],
        "props": Object {
          "dispatch": [Function],
        },
        "refs": Object {},
        "selectSuggestion": [Function],
        "state": null,
        "submitLocation": [Function],
        "updater": Object {
          "enqueueCallback": [Function],
          "enqueueCallbackInternal": [Function],
          "enqueueElementInternal": [Function],
          "enqueueForceUpdate": [Function],
          "enqueueReplaceState": [Function],
          "enqueueSetState": [Function],
          "isMounted": [Function],
          "validateCallback": [Function],
        },
      },
      "_mountOrder": 1,
      "_pendingCallbacks": null,
      "_pendingElement": null,
      "_pendingForceUpdate": false,
      "_pendingReplaceState": false,
      "_pendingStateQueue": null,
      "_renderedComponent": NoopInternalComponent {
        "_currentElement": <styled.div>
          <HelmetWrapper
                    meta={
                              Array [
                                        Object {
                                          "content": "Find out what the weather is like in your area",
                                          "name": "description",
                                        },
                                      ]
                    }
                    title="Weatherly - Weather happens" />
          <withStyles(AppBar)
                    position="static">
                    <withStyles(Toolbar)>
                              <withStyles(Typography)
                                        color="inherit"
                                        type="title">
                                        Weatherly
                              </withStyles(Typography)>
                    </withStyles(Toolbar)>
          </withStyles(AppBar)>
          <withStyles(Typography)
                    component="h1"
                    type="display3">
                    <FormattedMessage
                              defaultMessage="What\'s the weather like where you are?"
                              id="app.containers.HomePage.header"
                              tagName="span"
                              values={Object {}} />
          </withStyles(Typography)>
          <form
                    onSubmit={[Function]}>
                    <TextField
                              label="Good question, let\'s see"
                              onChange={undefined}
                              required={false} />
                    <withStyles(Button)
                              color="accent"
                              raised={true}
                              type="submit">
                              Go
                    </withStyles(Button)>
          </form>
</styled.div>,
        "_debugID": 2,
        "_renderedOutput": <styled.div>
          <HelmetWrapper
                    meta={
                              Array [
                                        Object {
                                          "content": "Find out what the weather is like in your area",
                                          "name": "description",
                                        },
                                      ]
                    }
                    title="Weatherly - Weather happens" />
          <withStyles(AppBar)
                    position="static">
                    <withStyles(Toolbar)>
                              <withStyles(Typography)
                                        color="inherit"
                                        type="title">
                                        Weatherly
                              </withStyles(Typography)>
                    </withStyles(Toolbar)>
          </withStyles(AppBar)>
          <withStyles(Typography)
                    component="h1"
                    type="display3">
                    <FormattedMessage
                              defaultMessage="What\'s the weather like where you are?"
                              id="app.containers.HomePage.header"
                              tagName="span"
                              values={Object {}} />
          </withStyles(Typography)>
          <form
                    onSubmit={[Function]}>
                    <TextField
                              label="Good question, let\'s see"
                              onChange={undefined}
                              required={false} />
                    <withStyles(Button)
                              color="accent"
                              raised={true}
                              type="submit">
                              Go
                    </withStyles(Button)>
          </form>
</styled.div>,
      },
      "_renderedNodeType": 1,
      "_rootNodeID": 0,
      "_topLevelWrapper": null,
      "_updateBatchNumber": null,
      "_warnedAboutRefsInRender": false,
    },
    "getRenderOutput": [Function],
    "render": [Function],
  },
  "root": [Circular],
  "unrendered": <HomePage
    dispatch={[Function]} />,
}
`;
